
 NX   Running target build for project view and 1 task it depends on:



> nx run shared-models:build  [existing outputs match the cache, left as is]


> nx run view:build:production  [existing outputs match the cache, left as is]

[33mÔØ»[39m Building...
[32mÔ£ö[39m Building...
[37m[1mInitial chunk files[22m  [2m | [22m[1mNames[22m        [2m | [22m [1mRaw size[22m[2m | [22m[1mEstimated transfer size[22m[39m
[37m[32mmain-3WHPRO3H.js[39m[37m     [2m | [22m[2mmain[22m         [2m | [22m  [36m1.93 MB[39m[37m[2m | [22m              [36m399.71 kB[39m[37m[39m
[37m[32mchunk-3FKAJPIR.js[39m[37m    [2m | [22m[2m-[22m            [2m | [22m[36m196.30 kB[39m[37m[2m | [22m               [36m55.68 kB[39m[37m[39m
[37m[32mstyles-J3NXBMKG.css[39m[37m  [2m | [22m[2mstyles[22m       [2m | [22m [36m87.44 kB[39m[37m[2m | [22m               [36m12.10 kB[39m[37m[39m
[37m[32mpolyfills-EONH2QZO.js[39m[37m[2m | [22m[2mpolyfills[22m    [2m | [22m [36m34.54 kB[39m[37m[2m | [22m               [36m11.32 kB[39m[37m[39m
[37m[32mchunk-EQDQRRRY.js[39m[37m    [2m | [22m[2m-[22m            [2m | [22m  [36m1.28 kB[39m[37m[2m | [22m              [36m564 bytes[39m[37m[39m
[37m[32mchunk-FK6H3RFT.js[39m[37m    [2m | [22m[2m-[22m            [2m | [22m[36m272 bytes[39m[37m[2m | [22m              [36m272 bytes[39m[37m[39m
[37m[39m
[37m[1m [22m                    [2m | [22m[1mInitial total[22m[2m | [22m  [1m[93m2.25 MB[39m[37m[22m[2m | [22m              [1m479.65 kB[22m[39m
[37m[39m
[37m[1mLazy chunk files[22m     [2m | [22m[1mNames[22m        [2m | [22m [1mRaw size[22m[2m | [22m[1mEstimated transfer size[22m[39m
[37m[32mchunk-SWBZ2T66.js[39m[37m    [2m | [22m[2mhtml2canvas[22m  [2m | [22m[36m203.12 kB[39m[37m[2m | [22m               [36m38.43 kB[39m[37m[39m
[37m[32mchunk-NIWXLTFU.js[39m[37m    [2m | [22m[2mindex-es[22m     [2m | [22m[36m158.90 kB[39m[37m[2m | [22m               [36m46.95 kB[39m[37m[39m
[37m[32mchunk-6KJWOQGU.js[39m[37m    [2m | [22m[2mbrowser[22m      [2m | [22m [36m63.60 kB[39m[37m[2m | [22m               [36m16.84 kB[39m[37m[39m
[37m[32mchunk-NQAOF77J.js[39m[37m    [2m | [22m[2mpurify-es[22m    [2m | [22m [36m22.50 kB[39m[37m[2m | [22m                [36m7.81 kB[39m[37m[39m
[37m[39m
[37mApplication bundle generation complete. [7.790 seconds][39m
[37m[39m
[1m[33m[33mÔû▓ [43;33m[[43;30mWARNING[43;33m][0m [1mNG8107: The left side of this optional chain operation does not include 'null' or 'undefined' in its type, therefore the '?.' operator can be replaced with the '.' operator.[0m [1m[35m[plugin angular-compiler][0m[39m[22m
[1m[33m[39m[22m
[1m[33m    apps/view/src/app/modules/dashboard/admin-catalogs/admin-catalogs.component.html:36:79:[39m[22m
[1m[33m[37m      36 Ôöé ...content-muted">{{ zoneRoutes[zone.id]?.[32mlength[37m || 0 }} rutas</span>[39m[22m
[1m[33m         ÔòÁ                                           [32m~~~~~~[0m[39m[22m
[1m[33m[39m[22m
[1m[33m  Error occurs in the template of component AdminCatalogsComponent.[39m[22m
[1m[33m[39m[22m
[1m[33m    apps/view/src/app/modules/dashboard/admin-catalogs/admin-catalogs.component.ts:32:15:[39m[22m
[1m[33m[37m      32 Ôöé   templateUrl: [32m'./admin-catalogs.component.html'[37m,[39m[22m
[1m[33m         ÔòÁ                [32m~~~~~~~~~~~~~~~~~~~~~~~~~~~~~~~~~[0m[39m[22m
[1m[33m[39m[22m
[1m[33m[39m[22m
[1m[33m[33mÔû▓ [43;33m[[43;30mWARNING[43;33m][0m [1mNG8107: The left side of this optional chain operation does not include 'null' or 'undefined' in its type, therefore the '?.' operator can be replaced with the '.' operator.[0m [1m[35m[plugin angular-compiler][0m[39m[22m
[1m[33m[39m[22m
[1m[33m    apps/view/src/app/modules/dashboard/admin-catalogs/admin-catalogs.component.html:148:90:[39m[22m
[1m[33m[37m      148 Ôöé ...muted mb-2">Rutas ({{ zoneRoutes[zone.id]?.[32mlength[37m || 0 }}):</div>[39m[22m
[1m[33m          ÔòÁ                                               [32m~~~~~~[0m[39m[22m
[1m[33m[39m[22m
[1m[33m  Error occurs in the template of component AdminCatalogsComponent.[39m[22m
[1m[33m[39m[22m
[1m[33m    apps/view/src/app/modules/dashboard/admin-catalogs/admin-catalogs.component.ts:32:15:[39m[22m
[1m[33m[37m      32 Ôöé   templateUrl: [32m'./admin-catalogs.component.html'[37m,[39m[22m
[1m[33m         ÔòÁ                [32m~~~~~~~~~~~~~~~~~~~~~~~~~~~~~~~~~[0m[39m[22m
[1m[33m[39m[22m
[1m[33m[39m[22m
[1m[33m[33mÔû▓ [43;33m[[43;30mWARNING[43;33m][0m [1mbundle initial exceeded maximum budget. Budget 2.10 MB was not met by 152.96 kB with a total of 2.25 MB.[0m[39m[22m
[1m[33m[39m[22m
[1m[33m[39m[22m
[1m[33m[33mÔû▓ [43;33m[[43;30mWARNING[43;33m][0m [1mModule 'core-js/modules/es.promise.js' used by 'node_modules/canvg/lib/index.es.js' is not ESM[0m[39m[22m
[1m[33m[39m[22m
[1m[33m  CommonJS or AMD depen[39m[22m[1m[33mdencies can cause optimization bailouts.[39m[22m
[1m[33m  For more information see: [4mhttps://angular.dev/tools/cli/build#configuring-commonjs-dependencies[0m[39m[22m
[1m[33m[39m[22m
[1m[33m[39m[22m
[1m[33m[33mÔû▓ [43;33m[[43;30mWARNING[43;33m][0m [1mModule 'core-js/modules/es.string.match.js' used by 'node_modules/canvg/lib/index.es.js' is not ESM[0m[39m[22m
[1m[33m[39m[22m
[1m[33m  CommonJS or AMD dependencies can cause optimization bailouts.[39m[22m
[1m[33m  For more information see: [4mhttps://angular.dev/tools/cli/build#configuring-commonjs-dependencies[0m[39m[22m
[1m[33m[39m[22m
[1m[33m[39m[22m
[1m[33m[33mÔû▓ [43;33m[[43;30mWARNING[43;33m][0m [1mModule 'core-js/modules/es.string.replace.js' used by 'node_modules/canvg/lib/index.es.js' is not ESM[0m[39m[22m
[1m[33m[39m[22m
[1m[33m  CommonJS or AMD dependencies can cause optimization bailouts.[39m[22m
[1m[33m  For more information see: [4mhttps://angular.dev/tools/cli/build#configuring-commonjs-dependencies[0m[39m[22m
[1m[33m[39m[22m
[1m[33m[39m[22m
[1m[33m[33mÔû▓ [43;33m[[43;30mWARNING[43;33m][0m [1mModule 'core-js/modules/es.string.starts-with.js' used by 'node_modules/canvg/lib/index.es.js' is not ESM[0m[39m[22m
[1m[33m[39m[22m
[1m[33m  CommonJS or AMD dependencies can cause optimization bailouts.[39m[22m
[1m[33m  For more information see: [4mhttps://angular.dev/tools/cli/build#configuring-commonjs-dependencies[0m[39m[22m
[1m[33m[39m[22m
[1m[33m[39m[22m
[1m[33m[33mÔû▓ [43;33m[[43;30mWARNING[43;33m][0m [1mModule 'core-js/modules/es.array.iterator.js' used by 'node_modules/canvg/lib/index.es.js' is not ESM[0m[39m[22m
[1m[33m[39m[22m
[1m[33m  CommonJS or AMD dependencies can cause optimization bailouts.[39m[22m
[1m[33m  For more information see: [4mhttps://angular.dev/tools/cli/build#configuring-commonjs-dependencies[0m[39m[22m
[1m[33m[39m[22m
[1m[33m[39m[22m
[1m[33m[33mÔû▓ [43;33m[[43;30mWARNING[43;33m][0m [1mModule 'core-js/modules/web.dom-collections.iterator.js' used by 'node_modules/canvg/lib/index.es.js' is not ESM[0m[39m[22m
[1m[33m[39m[22m
[1m[33m  CommonJS or AMD dependencies can cause optimization bailouts.[39m[22m
[1m[33m  For more information see: [4mhttps://angular.dev/tools/cli/build#configuring-commonjs-dependencies[0m[39m[22m
[1m[33m[39m[22m
[1m[33m[39m[22m
[1m[33m[33mÔû▓ [43;33m[[43;30mWARNING[43;33m][0m [1mModule 'core-js/modules/es.array.reduce.js' used by 'node_modules/canvg/lib/index.es.js' is not ESM[0m[39m[22m
[1m[33m[39m[22m
[1m[33m  CommonJS or AMD dependencies can cause opt[39m[22m[1m[33mimization bailouts.[39m[22m
[1m[33m  For more information see: [4mhttps://angular.dev/tools/cli/build#configuring-commonjs-dependencies[0m[39m[22m
[1m[33m[39m[22m
[1m[33m[39m[22m
[1m[33m[33mÔû▓ [43;33m[[43;30mWARNING[43;33m][0m [1mModule 'core-js/modules/es.string.ends-with.js' used by 'node_modules/canvg/lib/index.es.js' is not ESM[0m[39m[22m
[1m[33m[39m[22m
[1m[33m  CommonJS or AMD dependencies can cause optimization bailouts.[39m[22m
[1m[33m  For more information see: [4mhttps://angular.dev/tools/cli/build#configuring-commonjs-dependencies[0m[39m[22m
[1m[33m[39m[22m
[1m[33m[39m[22m
[1m[33m[33mÔû▓ [43;33m[[43;30mWARNING[43;33m][0m [1mModule 'core-js/modules/es.string.split.js' used by 'node_modules/canvg/lib/index.es.js' is not ESM[0m[39m[22m
[1m[33m[39m[22m
[1m[33m  CommonJS or AMD dependencies can cause optimization bailouts.[39m[22m
[1m[33m  For more information see: [4mhttps://angular.dev/tools/cli/build#configuring-commonjs-dependencies[0m[39m[22m
[1m[33m[39m[22m
[1m[33m[39m[22m
[1m[33m[33mÔû▓ [43;33m[[43;30mWARNING[43;33m][0m [1mModule 'raf' used by 'node_modules/canvg/lib/index.es.js' is not ESM[0m[39m[22m
[1m[33m[39m[22m
[1m[33m  CommonJS or AMD dependencies can cause optimization bailouts.[39m[22m
[1m[33m  For more information see: [4mhttps://angular.dev/tools/cli/build#configuring-commonjs-dependencies[0m[39m[22m
[1m[33m[39m[22m
[1m[33m[39m[22m
[1m[33m[33mÔû▓ [43;33m[[43;30mWARNING[43;33m][0m [1mModule 'core-js/modules/es.string.trim.js' used by 'node_modules/canvg/lib/index.es.js' is not ESM[0m[39m[22m
[1m[33m[39m[22m
[1m[33m  CommonJS or AMD dependencies can cause optimization bailouts.[39m[22m
[1m[33m  For more information see: [4mhttps://angular.dev/tools/cli/build#configuring-commonjs-dependencies[0m[39m[22m
[1m[33m[39m[22m
[1m[33m[39m[22m
[1m[33m[33mÔû▓ [43;33m[[43;30mWARNING[43;33m][0m [1mModule 'rgbcolor' used by 'node_modules/canvg/lib/index.es.js' is not ESM[0m[39m[22m
[1m[33m[39m[22m
[1m[33m  CommonJS or AMD dependencies can cause optimization bailouts.[39m[22m
[1m[33m  For more information see: [4mhttps://angular.dev/tools/cli/build#configuring-commonjs-dependencies[0m[39m[22m
[1m[33m[39m[22m
[1m[33m[39m[22m
[1m[33m[33mÔû▓ [43;33m[[43;30mWARNING[43;33m][0m [1mModule 'core-js/modules/es.array.index-of.js' used by 'node_modules/canvg/lib/index.es.js' is not ESM[0m[39m[22m
[1m[33m[39m[22m
[1m[33m  CommonJS or AMD dependencies can cause optimization bailouts.[39m[22m
[1m[33m  For more information see: [4mhttps://angular.dev/tools/cli/build#configur[39m[22m[1m[33ming-commonjs-dependencies[0m[39m[22m
[1m[33m[39m[22m
[1m[33m[39m[22m
[1m[33m[33mÔû▓ [43;33m[[43;30mWARNING[43;33m][0m [1mModule 'core-js/modules/es.string.includes.js' used by 'node_modules/canvg/lib/index.es.js' is not ESM[0m[39m[22m
[1m[33m[39m[22m
[1m[33m  CommonJS or AMD dependencies can cause optimization bailouts.[39m[22m
[1m[33m  For more information see: [4mhttps://angular.dev/tools/cli/build#configuring-commonjs-dependencies[0m[39m[22m
[1m[33m[39m[22m
[1m[33m[39m[22m
[1m[33m[33mÔû▓ [43;33m[[43;30mWARNING[43;33m][0m [1mModule 'core-js/modules/es.array.reverse.js' used by 'node_modules/canvg/lib/index.es.js' is not ESM[0m[39m[22m
[1m[33m[39m[22m
[1m[33m  CommonJS or AMD dependencies can cause optimization bailouts.[39m[22m
[1m[33m  For more information see: [4mhttps://angular.dev/tools/cli/build#configuring-commonjs-dependencies[0m[39m[22m
[1m[33m[39m[22m
[1m[33m[39m[22m
[1m[33m[33mÔû▓ [43;33m[[43;30mWARNING[43;33m][0m [1mModule 'core-js/modules/es.regexp.to-string.js' used by 'node_modules/canvg/lib/index.es.js' is not ESM[0m[39m[22m
[1m[33m[39m[22m
[1m[33m  CommonJS or AMD dependencies can cause optimization bailouts.[39m[22m
[1m[33m  For more information see: [4mhttps://angular.dev/tools/cli/build#configuring-commonjs-dependencies[0m[39m[22m
[1m[33m[39m[22m
[1m[33m[39m[22m
[1m[33m[33mÔû▓ [43;33m[[43;30mWARNING[43;33m][0m [1mModule 'html2canvas' used by 'node_modules/jspdf/dist/jspdf.es.min.js' is not ESM[0m[39m[22m
[1m[33m[39m[22m
[1m[33m  CommonJS or AMD dependencies can cause optimization bailouts.[39m[22m
[1m[33m  For more information see: [4mhttps://angular.dev/tools/cli/build#configuring-commonjs-dependencies[0m[39m[22m
[1m[33m[39m[22m
[1m[33m[39m[22m
[37mOutput location: C:\Users\Sistemas\.gemini\antigravity\scratch\Trade_marketing\dist\apps\view[39m
[37m[39m



 NX   Successfully ran target build for project view and 1 task it depends on

Nx read the output from the cache instead of running the command for 2 out of 2 tasks.

